To honour the JVM settings for this build a single-use Daemon process will be forked. For more on this, please refer to https://docs.gradle.org/9.5.1/userguide/gradle_daemon.html#sec:disabling_the_daemon in the Gradle documentation.
Daemon will be stopped at the end of the build 

> Configure project :
Fabric Loom: 1.17.12

> Task :compileJava
> Task :processResources
> Task :classes

> Task :compileClientJava
Note: Some input files use or override a deprecated API.
Note: Recompile with -Xlint:deprecation for details.

> Task :processClientResources NO-SOURCE
> Task :jar
> Task :processIncludeJars
> Task :sourcesJar
> Task :clientClasses
> Task :compileTestJava NO-SOURCE
> Task :processTestResources NO-SOURCE
> Task :testClasses UP-TO-DATE
> Task :test NO-SOURCE
> Task :validateAccessWidener NO-SOURCE
> Task :check UP-TO-DATE
> Task :remapJar
> Task :remapSourcesJar
> Task :assemble
> Task :build

[Incubating] Problems report is available at: file:///D:/Projects/Java/Verity/build/reports/problems/problems-report.html

BUILD SUCCESSFUL in 52s
8 actionable tasks: 8 executed
